%!Adobe-FontList 1.16
%Locale:0x409

%BeginFont
Handler:DirectoryHandler
FontType:TrueType
FontName:IRANSansFaNum
FamilyName:IRANSans(FaNum)
StyleName:Regular
FullName:IRANSans(FaNum)
MenuName:IRANSans(FaNum)
StyleBits:0
FamilyNameNative:
StyleNameNative:Regular
FullNameNative:
WritingScript:Arabic
OutlineFileName:C:\Users\mohammad\Desktop\vekalat\Font\IRANSans(FaNum).ttf
DataFormat:sfntData
FileLength:99540
FileModTime:1462692728
WeightClass:400
WidthClass:5
AngleClass:0
NameArray:0,Mac,4,IRANSans(FaNum)
NameArray:0,Win,1,IRANSans(FaNum)
%EndFont

%BeginFont
Handler:DirectoryHandler
FontType:TrueType
FontName:IRANSansSmall
FamilyName:IRANSans(Small)
StyleName:Regular
FullName:IRANSans(Small)
MenuName:IRANSans(Small)
StyleBits:0
FamilyNameNative:
StyleNameNative:Regular
FullNameNative:
WritingScript:Arabic
OutlineFileName:C:\Users\mohammad\Desktop\vekalat\Font\IRANSans(Small).ttf
DataFormat:sfntData
FileLength:98744
FileModTime:1462692728
WeightClass:400
WidthClass:5
AngleClass:0
NameArray:0,Mac,4,IRANSans(Small)
NameArray:0,Win,1,IRANSans(Small)
%EndFont

%BeginFont
Handler:DirectoryHandler
FontType:TrueType
FontName:IRANSans
FamilyName:IRANSans
StyleName:Regular
FullName:IRANSans
MenuName:IRANSans
StyleBits:0
FamilyNameNative:
StyleNameNative:Regular
FullNameNative:
WritingScript:Arabic
OutlineFileName:C:\Users\mohammad\Desktop\vekalat\Font\IRANSans.ttf
DataFormat:sfntData
FileLength:98672
FileModTime:1462692728
WeightClass:400
WidthClass:5
AngleClass:0
NameArray:0,Mac,4,IRANSans
NameArray:0,Win,1,IRANSans
%EndFont

%BeginFont
Handler:DirectoryHandler
FontType:TrueType
FontName:IRANSansMobileFaNum
FamilyName:IRANSansMobile(FaNum)
StyleName:Regular
FullName:IRANSansMobile(FaNum)
MenuName:IRANSansMobile(FaNum)
StyleBits:0
FamilyNameNative:
StyleNameNative:Regular
FullNameNative:
WritingScript:Arabic
OutlineFileName:C:\Users\mohammad\Desktop\vekalat\Font\IRANSansMobile(FaNum).ttf
DataFormat:sfntData
FileLength:99576
FileModTime:1462692728
WeightClass:400
WidthClass:5
AngleClass:0
NameArray:0,Mac,4,IRANSansMobile(FaNum)
NameArray:0,Win,1,IRANSansMobile(FaNum)
%EndFont

%BeginFont
Handler:DirectoryHandler
FontType:TrueType
FontName:IRANSansMobile
FamilyName:IRANSansMobile
StyleName:Regular
FullName:IRANSansMobile
MenuName:IRANSansMobile
StyleBits:0
FamilyNameNative:
StyleNameNative:Regular
FullNameNative:
WritingScript:Arabic
OutlineFileName:C:\Users\mohammad\Desktop\vekalat\Font\IRANSansMobile.ttf
DataFormat:sfntData
FileLength:98696
FileModTime:1462692728
WeightClass:400
WidthClass:5
AngleClass:0
NameArray:0,Mac,4,IRANSansMobile
NameArray:0,Win,1,IRANSansMobile
%EndFont

